
> airlink-web@0.1.0 build
> next build

npm : ΓÜá Warning: 
Next.js inferred your 
workspace root, but it 
may not be correct.
At line:1 char:1
+ npm run build 2>&1 | 
Tee-Object -FilePath 
.\build_output.txt; 
Get-Con ...
+ ~~~~~~~~~~~~~~~~~~
    + CategoryInfo     
         : NotSpecifi  
  ed: (ΓÜá Warning:    
 Ne...not be correc    
t.:String) [], Rem    
oteException
    + FullyQualifiedEr 
   rorId : NativeComm  
  andError
 
 We detected multiple 
lockfiles and selected 
the directory of C:\Use
rs\mogan\package-lock.j
son as the root 
directory.
 To silence this 
warning, set 
`turbopack.root` in 
your Next.js config, 
or consider removing 
one of the lockfiles 
if it's not needed.
   See https://nextjs.o
rg/docs/app/api-referen
ce/config/next-config-j
s/turbopack#root-direct
ory for more 
information.
 Detected additional 
lockfiles: 
   * C:\Users\mogan\b2b
-marketplace\airlink\pa
ckage-lock.json

Γû▓ Next.js 16.1.6 (Turbopack)
- Environments: .env.production, .env

ΓÜá The "middleware" 
file convention is 
deprecated. Please use 
"proxy" instead. Learn 
more: https://nextjs.or
g/docs/messages/middlew
are-to-proxy
  Creating an optimized production build ...
Γ£ô Compiled successfully in 17.3s
  Running TypeScript ...
  Collecting page data using 7 workers ...
  Generating static pages using 7 workers (0/28) ...
  Generating static pages using 7 workers (7/28) 
  Generating static pages using 7 workers (14/28) 
  Generating static pages using 7 workers (21/28) 
Γ£ô Generating static pages using 7 workers (28/28) in 1917.4ms
  Finalizing page optimization ...

Route (app)
Γöî ╞Æ /
Γö£ Γùï /_not-found
Γö£ Γùï /about
Γö£ ╞Æ /admin
Γö£ Γùï /admin/backgrounds
Γö£ Γùï /admin/banners
Γö£ ╞Æ /admin/blogs
Γö£ ╞Æ /admin/coverage
Γö£ ╞Æ /admin/leads
Γö£ Γùï /admin/media
Γö£ ╞Æ /admin/plans
Γö£ Γùï /admin/settings
Γö£ Γùï /admin/social
Γö£ Γùï /admin/testimonials
Γö£ ╞Æ /api/admin/banners
Γö£ ╞Æ /api/admin/banners/[id]
Γö£ ╞Æ /api/admin/banners/upload
Γö£ ╞Æ /api/admin/login
Γö£ ╞Æ /api/admin/logout
Γö£ ╞Æ /api/admin/social
Γö£ ╞Æ /api/admin/testimonials
Γö£ ╞Æ /api/auth/forgot-password
Γö£ ╞Æ /api/auth/reset-password
Γö£ ╞Æ /api/social
Γö£ ╞Æ /api/testimonials
Γö£ Γùï /auth
Γö£ Γùï /careers
Γö£ Γùï /contact
Γö£ Γùï /coverage
Γö£ Γùï /infrastructure
Γö£ Γùï /packages
Γö£ ╞Æ /plans
Γö£ Γùï /portal
Γö£ Γùï /portal/dashboard
Γö£ Γùï /reset-password
Γö£ Γùï /services
Γö£ Γùï /shop
Γöö Γùï /speed-test


╞Æ Proxy (Middleware)

Γùï  (Static)   prerendered as static content
╞Æ  (Dynamic)  server-rendered on demand

